Archive member included to satisfy reference by file (symbol)

../lib/liblibrairie1900.a(bouton.o)
                              main.o (Bouton::Bouton(unsigned char))
../lib/liblibrairie1900.a(del.o)
                              main.o (Del::Del())
../lib/liblibrairie1900.a(minuterie.o)
                              main.o (Minuterie::Minuterie())
../lib/liblibrairie1900.a(roue.o)
                              main.o (Roue::Roue())
/opt/homebrew/Cellar/avr-gcc@14/14.1.0/lib/avr-gcc/14/gcc/avr/14.1.0/avr5/libgcc.a(_udivmodqi4.o)
                              ../lib/liblibrairie1900.a(roue.o) (__udivmodqi4)
/opt/homebrew/Cellar/avr-gcc@14/14.1.0/lib/avr-gcc/14/gcc/avr/14.1.0/avr5/libgcc.a(_udivmodhi4.o)
                              ../lib/liblibrairie1900.a(minuterie.o) (__udivmodhi4)
/opt/homebrew/Cellar/avr-gcc@14/14.1.0/lib/avr-gcc/14/gcc/avr/14.1.0/avr5/libgcc.a(_divmodhi4.o)
                              ../lib/liblibrairie1900.a(roue.o) (__divmodhi4)
/opt/homebrew/Cellar/avr-gcc@14/14.1.0/lib/avr-gcc/14/gcc/avr/14.1.0/avr5/libgcc.a(_udivmodsi4.o)
                              ../lib/liblibrairie1900.a(minuterie.o) (__udivmodsi4)
/opt/homebrew/Cellar/avr-gcc@14/14.1.0/lib/avr-gcc/14/gcc/avr/14.1.0/avr5/libgcc.a(_exit.o)
                              /opt/homebrew/Cellar/avr-gcc@14/14.1.0/lib/avr-gcc/14/gcc/avr/14.1.0/../../../../../../avr/lib/avr5/crtatmega324pa.o (exit)
/opt/homebrew/Cellar/avr-gcc@14/14.1.0/lib/avr-gcc/14/gcc/avr/14.1.0/avr5/libgcc.a(_clear_bss.o)
                              main.o (__do_clear_bss)
/opt/homebrew/Cellar/avr-gcc@14/14.1.0/lib/avr-gcc/14/gcc/avr/14.1.0/avr5/libgcc.a(_ctors.o)
                              main.o (__do_global_ctors)
/opt/homebrew/Cellar/avr-gcc@14/14.1.0/lib/avr-gcc/14/gcc/avr/14.1.0/avr5/libgcc.a(_usmulhisi3.o)
                              ../lib/liblibrairie1900.a(minuterie.o) (__usmulhisi3)
/opt/homebrew/Cellar/avr-gcc@14/14.1.0/lib/avr-gcc/14/gcc/avr/14.1.0/avr5/libgcc.a(_tablejump2.o)
                              /opt/homebrew/Cellar/avr-gcc@14/14.1.0/lib/avr-gcc/14/gcc/avr/14.1.0/avr5/libgcc.a(_ctors.o) (__tablejump2__)
/opt/homebrew/Cellar/avr-gcc@14/14.1.0/lib/avr-gcc/14/gcc/avr/14.1.0/avr5/libgcc.a(_umulhisi3.o)
                              /opt/homebrew/Cellar/avr-gcc@14/14.1.0/lib/avr-gcc/14/gcc/avr/14.1.0/avr5/libgcc.a(_usmulhisi3.o) (__umulhisi3)

There are no discarded input sections

Memory Configuration

Name             Origin             Length             Attributes
text             0x00000000         0x00020000         xr
data             0x00800060         0x0000ffa0         rw!x
eeprom           0x00810000         0x00010000         rw!x
fuse             0x00820000         0x00000003         rw!x
lock             0x00830000         0x00000400         rw!x
signature        0x00840000         0x00000400         rw!x
user_signatures  0x00850000         0x00000400         rw!x
*default*        0x00000000         0xffffffff

Linker script and memory map

Address of section .data set to 0x800100
LOAD /opt/homebrew/Cellar/avr-gcc@14/14.1.0/lib/avr-gcc/14/gcc/avr/14.1.0/../../../../../../avr/lib/avr5/crtatmega324pa.o
LOAD main.o
LOAD /opt/homebrew/Cellar/avr-gcc@14/14.1.0/lib/avr-gcc/14/gcc/avr/14.1.0/../../../../../../avr/lib/avr5/libm.a
LOAD ../lib/liblibrairie1900.a
START GROUP
LOAD /opt/homebrew/Cellar/avr-gcc@14/14.1.0/lib/avr-gcc/14/gcc/avr/14.1.0/avr5/libgcc.a
LOAD /opt/homebrew/Cellar/avr-gcc@14/14.1.0/lib/avr-gcc/14/gcc/avr/14.1.0/../../../../../../avr/lib/avr5/libm.a
LOAD /opt/homebrew/Cellar/avr-gcc@14/14.1.0/lib/avr-gcc/14/gcc/avr/14.1.0/../../../../../../avr/lib/avr5/libc.a
LOAD /opt/homebrew/Cellar/avr-gcc@14/14.1.0/lib/avr-gcc/14/gcc/avr/14.1.0/../../../../../../avr/lib/avr5/libatmega324pa.a
END GROUP
                0x00000000                        __TEXT_REGION_ORIGIN__ = DEFINED (__TEXT_REGION_ORIGIN__)?__TEXT_REGION_ORIGIN__:0x0
                0x00020000                        __TEXT_REGION_LENGTH__ = DEFINED (__TEXT_REGION_LENGTH__)?__TEXT_REGION_LENGTH__:0x20000
                0x00800060                        __DATA_REGION_ORIGIN__ = DEFINED (__DATA_REGION_ORIGIN__)?__DATA_REGION_ORIGIN__:0x800060
                0x0000ffa0                        __DATA_REGION_LENGTH__ = DEFINED (__DATA_REGION_LENGTH__)?__DATA_REGION_LENGTH__:0xffa0
                0x00010000                        __EEPROM_REGION_LENGTH__ = DEFINED (__EEPROM_REGION_LENGTH__)?__EEPROM_REGION_LENGTH__:0x10000
                [0x00000003]                      __FUSE_REGION_LENGTH__ = DEFINED (__FUSE_REGION_LENGTH__)?__FUSE_REGION_LENGTH__:0x400
                0x00000400                        __LOCK_REGION_LENGTH__ = DEFINED (__LOCK_REGION_LENGTH__)?__LOCK_REGION_LENGTH__:0x400
                0x00000400                        __SIGNATURE_REGION_LENGTH__ = DEFINED (__SIGNATURE_REGION_LENGTH__)?__SIGNATURE_REGION_LENGTH__:0x400
                0x00000400                        __USER_SIGNATURE_REGION_LENGTH__ = DEFINED (__USER_SIGNATURE_REGION_LENGTH__)?__USER_SIGNATURE_REGION_LENGTH__:0x400

.hash
 *(.hash)

.dynsym
 *(.dynsym)

.dynstr
 *(.dynstr)

.gnu.version
 *(.gnu.version)

.gnu.version_d
 *(.gnu.version_d)

.gnu.version_r
 *(.gnu.version_r)

.rel.init
 *(.rel.init)

.rela.init
 *(.rela.init)

.rel.text
 *(.rel.text)
 *(.rel.text.*)
 *(.rel.gnu.linkonce.t*)

.rela.text
 *(.rela.text)
 *(.rela.text.*)
 *(.rela.gnu.linkonce.t*)

.rel.fini
 *(.rel.fini)

.rela.fini
 *(.rela.fini)

.rel.rodata
 *(.rel.rodata)
 *(.rel.rodata.*)
 *(.rel.gnu.linkonce.r*)

.rela.rodata
 *(.rela.rodata)
 *(.rela.rodata.*)
 *(.rela.gnu.linkonce.r*)

.rel.data
 *(.rel.data)
 *(.rel.data.*)
 *(.rel.gnu.linkonce.d*)

.rela.data
 *(.rela.data)
 *(.rela.data.*)
 *(.rela.gnu.linkonce.d*)

.rel.ctors
 *(.rel.ctors)

.rela.ctors
 *(.rela.ctors)

.rel.dtors
 *(.rel.dtors)

.rela.dtors
 *(.rela.dtors)

.rel.got
 *(.rel.got)

.rela.got
 *(.rela.got)

.rel.bss
 *(.rel.bss)

.rela.bss
 *(.rela.bss)

.rel.plt
 *(.rel.plt)

.rela.plt
 *(.rela.plt)

.text           0x00000000      0x910
 *(.vectors)
 .vectors       0x00000000       0x7c /opt/homebrew/Cellar/avr-gcc@14/14.1.0/lib/avr-gcc/14/gcc/avr/14.1.0/../../../../../../avr/lib/avr5/crtatmega324pa.o
                0x00000000                __vectors
                0x00000000                __vector_default
 *(.vectors)
 *(.progmem.gcc*)
                0x0000007c                        . = ALIGN (0x2)
                0x0000007c                        __trampolines_start = .
 *(.trampolines)
 .trampolines   0x0000007c        0x0 linker stubs
 *(.trampolines*)
                0x0000007c                        __trampolines_end = .
 *libprintf_flt.a:*(.progmem.data)
 *libc.a:*(.progmem.data)
 *(.progmem.*)
                0x0000007c                        . = ALIGN (0x2)
 *(.lowtext)
 *(.lowtext*)
                0x0000007c                        __ctors_start = .
 *(.ctors)
 .ctors         0x0000007c        0x2 main.o
                0x0000007e                        __ctors_end = .
                0x0000007e                        __dtors_start = .
 *(.dtors)
                0x0000007e                        __dtors_end = .
 SORT_BY_NAME(*)(.ctors)
 SORT_BY_NAME(*)(.dtors)
 *(.init0)
 .init0         0x0000007e        0x0 /opt/homebrew/Cellar/avr-gcc@14/14.1.0/lib/avr-gcc/14/gcc/avr/14.1.0/../../../../../../avr/lib/avr5/crtatmega324pa.o
                0x0000007e                __init
 *(.init0)
 *(.init1)
 *(.init1)
 *(.init2)
 .init2         0x0000007e        0xc /opt/homebrew/Cellar/avr-gcc@14/14.1.0/lib/avr-gcc/14/gcc/avr/14.1.0/../../../../../../avr/lib/avr5/crtatmega324pa.o
 *(.init2)
 *(.init3)
 *(.init3)
 *(.init4)
 .init4         0x0000008a       0x10 /opt/homebrew/Cellar/avr-gcc@14/14.1.0/lib/avr-gcc/14/gcc/avr/14.1.0/avr5/libgcc.a(_clear_bss.o)
                0x0000008a                __do_clear_bss
 *(.init4)
 *(.init5)
 *(.init5)
 *(.init6)
 .init6         0x0000009a       0x16 /opt/homebrew/Cellar/avr-gcc@14/14.1.0/lib/avr-gcc/14/gcc/avr/14.1.0/avr5/libgcc.a(_ctors.o)
                0x0000009a                __do_global_ctors
 *(.init6)
 *(.init7)
 *(.init7)
 *(.init8)
 *(.init8)
 *(.init9)
 .init9         0x000000b0        0x8 /opt/homebrew/Cellar/avr-gcc@14/14.1.0/lib/avr-gcc/14/gcc/avr/14.1.0/../../../../../../avr/lib/avr5/crtatmega324pa.o
 *(.init9)
 *(.text)
 .text          0x000000b8        0x4 /opt/homebrew/Cellar/avr-gcc@14/14.1.0/lib/avr-gcc/14/gcc/avr/14.1.0/../../../../../../avr/lib/avr5/crtatmega324pa.o
                0x000000b8                __vector_20
                0x000000b8                __vector_28
                0x000000b8                __vector_24
                0x000000b8                __vector_12
                0x000000b8                __bad_interrupt
                0x000000b8                __vector_6
                0x000000b8                __vector_3
                0x000000b8                __vector_23
                0x000000b8                __vector_30
                0x000000b8                __vector_25
                0x000000b8                __vector_11
                0x000000b8                __vector_17
                0x000000b8                __vector_19
                0x000000b8                __vector_7
                0x000000b8                __vector_27
                0x000000b8                __vector_5
                0x000000b8                __vector_4
                0x000000b8                __vector_9
                0x000000b8                __vector_21
                0x000000b8                __vector_15
                0x000000b8                __vector_29
                0x000000b8                __vector_8
                0x000000b8                __vector_26
                0x000000b8                __vector_14
                0x000000b8                __vector_10
                0x000000b8                __vector_16
                0x000000b8                __vector_18
                0x000000b8                __vector_22
 .text          0x000000bc       0xc4 main.o
                0x000000bc                __vector_1
                0x00000114                __vector_2
                0x00000174                __vector_13
 .text          0x00000180       0xc4 ../lib/liblibrairie1900.a(bouton.o)
                0x00000180                Bouton::Bouton(unsigned char)
                0x00000180                Bouton::Bouton(unsigned char)
                0x000001d8                Bouton::estAppuyer()
                0x00000204                Bouton::estRelacher()
                0x00000230                Bouton::desactiverInterruption()
 .text          0x00000244      0x1a0 ../lib/liblibrairie1900.a(del.o)
                0x00000244                Del::allumerRouge()
                0x00000272                Del::allumerVert()
                0x000002a0                Del::allumerAmbre()
                0x000002d2                Del::delayMsVariable(unsigned int)
                0x00000300                Del::Del()
                0x00000300                Del::Del()
                0x00000310                Del::eteindre()
                0x00000342                Del::allumer(Couleur, unsigned int)
                0x00000384                Del::clignoter(Couleur, unsigned char, unsigned int)
 .text          0x000003e4       0xf0 ../lib/liblibrairie1900.a(minuterie.o)
                0x000003e4                Minuterie::Minuterie()
                0x000003e4                Minuterie::Minuterie()
                0x00000402                Minuterie::demarrer(unsigned int, Prescaler)
                0x000004a2                Minuterie::arreter()
                0x000004c0                Minuterie::reinitialiser()
 .text          0x000004d4      0x256 ../lib/liblibrairie1900.a(roue.o)
                0x000004d4                Roue::Roue()
                0x000004d4                Roue::Roue()
                0x00000504                Roue::definirVitesse(Roues, Direction, unsigned char)
                0x00000568                Roue::controlerRoue(Roues, Direction, unsigned char)
                0x0000056c                Roue::avancer(unsigned char)
                0x00000596                Roue::reculer(unsigned char)
                0x000005c0                Roue::tournerGauche(unsigned char, unsigned char)
                0x000005f6                Roue::tournerDroite(unsigned char, unsigned char)
                0x0000062e                Roue::tournerSurPlace(unsigned char)
                0x00000658                Roue::accelerer(Roues, unsigned char, unsigned char)
                0x000006ae                Roue::ralentir(Roues, unsigned char, unsigned char)
                0x0000070e                Roue::arreter()
                0x0000071e                Roue::obtenirVitesseGauche()
                0x00000724                Roue::obtenirVitesseDroite()
 .text          0x0000072a        0x0 /opt/homebrew/Cellar/avr-gcc@14/14.1.0/lib/avr-gcc/14/gcc/avr/14.1.0/avr5/libgcc.a(_udivmodqi4.o)
 .text          0x0000072a        0x0 /opt/homebrew/Cellar/avr-gcc@14/14.1.0/lib/avr-gcc/14/gcc/avr/14.1.0/avr5/libgcc.a(_udivmodhi4.o)
 .text          0x0000072a        0x0 /opt/homebrew/Cellar/avr-gcc@14/14.1.0/lib/avr-gcc/14/gcc/avr/14.1.0/avr5/libgcc.a(_divmodhi4.o)
 .text          0x0000072a        0x0 /opt/homebrew/Cellar/avr-gcc@14/14.1.0/lib/avr-gcc/14/gcc/avr/14.1.0/avr5/libgcc.a(_udivmodsi4.o)
 .text          0x0000072a        0x0 /opt/homebrew/Cellar/avr-gcc@14/14.1.0/lib/avr-gcc/14/gcc/avr/14.1.0/avr5/libgcc.a(_exit.o)
 .text          0x0000072a        0x0 /opt/homebrew/Cellar/avr-gcc@14/14.1.0/lib/avr-gcc/14/gcc/avr/14.1.0/avr5/libgcc.a(_clear_bss.o)
 .text          0x0000072a        0x0 /opt/homebrew/Cellar/avr-gcc@14/14.1.0/lib/avr-gcc/14/gcc/avr/14.1.0/avr5/libgcc.a(_ctors.o)
 .text          0x0000072a        0x0 /opt/homebrew/Cellar/avr-gcc@14/14.1.0/lib/avr-gcc/14/gcc/avr/14.1.0/avr5/libgcc.a(_usmulhisi3.o)
 .text          0x0000072a        0x0 /opt/homebrew/Cellar/avr-gcc@14/14.1.0/lib/avr-gcc/14/gcc/avr/14.1.0/avr5/libgcc.a(_tablejump2.o)
 .text          0x0000072a        0x0 /opt/homebrew/Cellar/avr-gcc@14/14.1.0/lib/avr-gcc/14/gcc/avr/14.1.0/avr5/libgcc.a(_umulhisi3.o)
                0x0000072a                        . = ALIGN (0x2)
 *(.text.*)
 .text.startup  0x0000072a       0xfe main.o
                0x0000072a                main
 .text.libgcc.mul
                0x00000828        0x0 /opt/homebrew/Cellar/avr-gcc@14/14.1.0/lib/avr-gcc/14/gcc/avr/14.1.0/avr5/libgcc.a(_udivmodqi4.o)
 .text.libgcc.div
                0x00000828       0x18 /opt/homebrew/Cellar/avr-gcc@14/14.1.0/lib/avr-gcc/14/gcc/avr/14.1.0/avr5/libgcc.a(_udivmodqi4.o)
                0x00000828                __udivmodqi4
 .text.libgcc   0x00000840        0x0 /opt/homebrew/Cellar/avr-gcc@14/14.1.0/lib/avr-gcc/14/gcc/avr/14.1.0/avr5/libgcc.a(_udivmodqi4.o)
 .text.libgcc.prologue
                0x00000840        0x0 /opt/homebrew/Cellar/avr-gcc@14/14.1.0/lib/avr-gcc/14/gcc/avr/14.1.0/avr5/libgcc.a(_udivmodqi4.o)
 .text.libgcc.builtins
                0x00000840        0x0 /opt/homebrew/Cellar/avr-gcc@14/14.1.0/lib/avr-gcc/14/gcc/avr/14.1.0/avr5/libgcc.a(_udivmodqi4.o)
 .text.libgcc.fmul
                0x00000840        0x0 /opt/homebrew/Cellar/avr-gcc@14/14.1.0/lib/avr-gcc/14/gcc/avr/14.1.0/avr5/libgcc.a(_udivmodqi4.o)
 .text.libgcc.fixed
                0x00000840        0x0 /opt/homebrew/Cellar/avr-gcc@14/14.1.0/lib/avr-gcc/14/gcc/avr/14.1.0/avr5/libgcc.a(_udivmodqi4.o)
 .text.libgcc.mul
                0x00000840        0x0 /opt/homebrew/Cellar/avr-gcc@14/14.1.0/lib/avr-gcc/14/gcc/avr/14.1.0/avr5/libgcc.a(_udivmodhi4.o)
 .text.libgcc.div
                0x00000840       0x28 /opt/homebrew/Cellar/avr-gcc@14/14.1.0/lib/avr-gcc/14/gcc/avr/14.1.0/avr5/libgcc.a(_udivmodhi4.o)
                0x00000840                __udivmodhi4
 .text.libgcc   0x00000868        0x0 /opt/homebrew/Cellar/avr-gcc@14/14.1.0/lib/avr-gcc/14/gcc/avr/14.1.0/avr5/libgcc.a(_udivmodhi4.o)
 .text.libgcc.prologue
                0x00000868        0x0 /opt/homebrew/Cellar/avr-gcc@14/14.1.0/lib/avr-gcc/14/gcc/avr/14.1.0/avr5/libgcc.a(_udivmodhi4.o)
 .text.libgcc.builtins
                0x00000868        0x0 /opt/homebrew/Cellar/avr-gcc@14/14.1.0/lib/avr-gcc/14/gcc/avr/14.1.0/avr5/libgcc.a(_udivmodhi4.o)
 .text.libgcc.fmul
                0x00000868        0x0 /opt/homebrew/Cellar/avr-gcc@14/14.1.0/lib/avr-gcc/14/gcc/avr/14.1.0/avr5/libgcc.a(_udivmodhi4.o)
 .text.libgcc.fixed
                0x00000868        0x0 /opt/homebrew/Cellar/avr-gcc@14/14.1.0/lib/avr-gcc/14/gcc/avr/14.1.0/avr5/libgcc.a(_udivmodhi4.o)
 .text.libgcc.mul
                0x00000868        0x0 /opt/homebrew/Cellar/avr-gcc@14/14.1.0/lib/avr-gcc/14/gcc/avr/14.1.0/avr5/libgcc.a(_divmodhi4.o)
 .text.libgcc.div
                0x00000868       0x28 /opt/homebrew/Cellar/avr-gcc@14/14.1.0/lib/avr-gcc/14/gcc/avr/14.1.0/avr5/libgcc.a(_divmodhi4.o)
                0x00000868                __divmodhi4
                0x00000868                _div
 .text.libgcc   0x00000890        0x0 /opt/homebrew/Cellar/avr-gcc@14/14.1.0/lib/avr-gcc/14/gcc/avr/14.1.0/avr5/libgcc.a(_divmodhi4.o)
 .text.libgcc.prologue
                0x00000890        0x0 /opt/homebrew/Cellar/avr-gcc@14/14.1.0/lib/avr-gcc/14/gcc/avr/14.1.0/avr5/libgcc.a(_divmodhi4.o)
 .text.libgcc.builtins
                0x00000890        0x0 /opt/homebrew/Cellar/avr-gcc@14/14.1.0/lib/avr-gcc/14/gcc/avr/14.1.0/avr5/libgcc.a(_divmodhi4.o)
 .text.libgcc.fmul
                0x00000890        0x0 /opt/homebrew/Cellar/avr-gcc@14/14.1.0/lib/avr-gcc/14/gcc/avr/14.1.0/avr5/libgcc.a(_divmodhi4.o)
 .text.libgcc.fixed
                0x00000890        0x0 /opt/homebrew/Cellar/avr-gcc@14/14.1.0/lib/avr-gcc/14/gcc/avr/14.1.0/avr5/libgcc.a(_divmodhi4.o)
 .text.libgcc.mul
                0x00000890        0x0 /opt/homebrew/Cellar/avr-gcc@14/14.1.0/lib/avr-gcc/14/gcc/avr/14.1.0/avr5/libgcc.a(_udivmodsi4.o)
 .text.libgcc.div
                0x00000890       0x44 /opt/homebrew/Cellar/avr-gcc@14/14.1.0/lib/avr-gcc/14/gcc/avr/14.1.0/avr5/libgcc.a(_udivmodsi4.o)
                0x00000890                __udivmodsi4
 .text.libgcc   0x000008d4        0x0 /opt/homebrew/Cellar/avr-gcc@14/14.1.0/lib/avr-gcc/14/gcc/avr/14.1.0/avr5/libgcc.a(_udivmodsi4.o)
 .text.libgcc.prologue
                0x000008d4        0x0 /opt/homebrew/Cellar/avr-gcc@14/14.1.0/lib/avr-gcc/14/gcc/avr/14.1.0/avr5/libgcc.a(_udivmodsi4.o)
 .text.libgcc.builtins
                0x000008d4        0x0 /opt/homebrew/Cellar/avr-gcc@14/14.1.0/lib/avr-gcc/14/gcc/avr/14.1.0/avr5/libgcc.a(_udivmodsi4.o)
 .text.libgcc.fmul
                0x000008d4        0x0 /opt/homebrew/Cellar/avr-gcc@14/14.1.0/lib/avr-gcc/14/gcc/avr/14.1.0/avr5/libgcc.a(_udivmodsi4.o)
 .text.libgcc.fixed
                0x000008d4        0x0 /opt/homebrew/Cellar/avr-gcc@14/14.1.0/lib/avr-gcc/14/gcc/avr/14.1.0/avr5/libgcc.a(_udivmodsi4.o)
 .text.libgcc.mul
                0x000008d4        0x0 /opt/homebrew/Cellar/avr-gcc@14/14.1.0/lib/avr-gcc/14/gcc/avr/14.1.0/avr5/libgcc.a(_exit.o)
 .text.libgcc.div
                0x000008d4        0x0 /opt/homebrew/Cellar/avr-gcc@14/14.1.0/lib/avr-gcc/14/gcc/avr/14.1.0/avr5/libgcc.a(_exit.o)
 .text.libgcc   0x000008d4        0x0 /opt/homebrew/Cellar/avr-gcc@14/14.1.0/lib/avr-gcc/14/gcc/avr/14.1.0/avr5/libgcc.a(_exit.o)
 .text.libgcc.prologue
                0x000008d4        0x0 /opt/homebrew/Cellar/avr-gcc@14/14.1.0/lib/avr-gcc/14/gcc/avr/14.1.0/avr5/libgcc.a(_exit.o)
 .text.libgcc.builtins
                0x000008d4        0x0 /opt/homebrew/Cellar/avr-gcc@14/14.1.0/lib/avr-gcc/14/gcc/avr/14.1.0/avr5/libgcc.a(_exit.o)
 .text.libgcc.fmul
                0x000008d4        0x0 /opt/homebrew/Cellar/avr-gcc@14/14.1.0/lib/avr-gcc/14/gcc/avr/14.1.0/avr5/libgcc.a(_exit.o)
 .text.libgcc.fixed
                0x000008d4        0x0 /opt/homebrew/Cellar/avr-gcc@14/14.1.0/lib/avr-gcc/14/gcc/avr/14.1.0/avr5/libgcc.a(_exit.o)
 .text.libgcc.mul
                0x000008d4        0x0 /opt/homebrew/Cellar/avr-gcc@14/14.1.0/lib/avr-gcc/14/gcc/avr/14.1.0/avr5/libgcc.a(_clear_bss.o)
 .text.libgcc.div
                0x000008d4        0x0 /opt/homebrew/Cellar/avr-gcc@14/14.1.0/lib/avr-gcc/14/gcc/avr/14.1.0/avr5/libgcc.a(_clear_bss.o)
 .text.libgcc   0x000008d4        0x0 /opt/homebrew/Cellar/avr-gcc@14/14.1.0/lib/avr-gcc/14/gcc/avr/14.1.0/avr5/libgcc.a(_clear_bss.o)
 .text.libgcc.prologue
                0x000008d4        0x0 /opt/homebrew/Cellar/avr-gcc@14/14.1.0/lib/avr-gcc/14/gcc/avr/14.1.0/avr5/libgcc.a(_clear_bss.o)
 .text.libgcc.builtins
                0x000008d4        0x0 /opt/homebrew/Cellar/avr-gcc@14/14.1.0/lib/avr-gcc/14/gcc/avr/14.1.0/avr5/libgcc.a(_clear_bss.o)
 .text.libgcc.fmul
                0x000008d4        0x0 /opt/homebrew/Cellar/avr-gcc@14/14.1.0/lib/avr-gcc/14/gcc/avr/14.1.0/avr5/libgcc.a(_clear_bss.o)
 .text.libgcc.fixed
                0x000008d4        0x0 /opt/homebrew/Cellar/avr-gcc@14/14.1.0/lib/avr-gcc/14/gcc/avr/14.1.0/avr5/libgcc.a(_clear_bss.o)
 .text.libgcc.mul
                0x000008d4        0x0 /opt/homebrew/Cellar/avr-gcc@14/14.1.0/lib/avr-gcc/14/gcc/avr/14.1.0/avr5/libgcc.a(_ctors.o)
 .text.libgcc.div
                0x000008d4        0x0 /opt/homebrew/Cellar/avr-gcc@14/14.1.0/lib/avr-gcc/14/gcc/avr/14.1.0/avr5/libgcc.a(_ctors.o)
 .text.libgcc   0x000008d4        0x0 /opt/homebrew/Cellar/avr-gcc@14/14.1.0/lib/avr-gcc/14/gcc/avr/14.1.0/avr5/libgcc.a(_ctors.o)
 .text.libgcc.prologue
                0x000008d4        0x0 /opt/homebrew/Cellar/avr-gcc@14/14.1.0/lib/avr-gcc/14/gcc/avr/14.1.0/avr5/libgcc.a(_ctors.o)
 .text.libgcc.builtins
                0x000008d4        0x0 /opt/homebrew/Cellar/avr-gcc@14/14.1.0/lib/avr-gcc/14/gcc/avr/14.1.0/avr5/libgcc.a(_ctors.o)
 .text.libgcc.fmul
                0x000008d4        0x0 /opt/homebrew/Cellar/avr-gcc@14/14.1.0/lib/avr-gcc/14/gcc/avr/14.1.0/avr5/libgcc.a(_ctors.o)
 .text.libgcc.fixed
                0x000008d4        0x0 /opt/homebrew/Cellar/avr-gcc@14/14.1.0/lib/avr-gcc/14/gcc/avr/14.1.0/avr5/libgcc.a(_ctors.o)
 .text.libgcc.mul
                0x000008d4        0xe /opt/homebrew/Cellar/avr-gcc@14/14.1.0/lib/avr-gcc/14/gcc/avr/14.1.0/avr5/libgcc.a(_usmulhisi3.o)
                0x000008d4                __usmulhisi3
                0x000008d8                __usmulhisi3_tail
 .text.libgcc.div
                0x000008e2        0x0 /opt/homebrew/Cellar/avr-gcc@14/14.1.0/lib/avr-gcc/14/gcc/avr/14.1.0/avr5/libgcc.a(_usmulhisi3.o)
 .text.libgcc   0x000008e2        0x0 /opt/homebrew/Cellar/avr-gcc@14/14.1.0/lib/avr-gcc/14/gcc/avr/14.1.0/avr5/libgcc.a(_usmulhisi3.o)
 .text.libgcc.prologue
                0x000008e2        0x0 /opt/homebrew/Cellar/avr-gcc@14/14.1.0/lib/avr-gcc/14/gcc/avr/14.1.0/avr5/libgcc.a(_usmulhisi3.o)
 .text.libgcc.builtins
                0x000008e2        0x0 /opt/homebrew/Cellar/avr-gcc@14/14.1.0/lib/avr-gcc/14/gcc/avr/14.1.0/avr5/libgcc.a(_usmulhisi3.o)
 .text.libgcc.fmul
                0x000008e2        0x0 /opt/homebrew/Cellar/avr-gcc@14/14.1.0/lib/avr-gcc/14/gcc/avr/14.1.0/avr5/libgcc.a(_usmulhisi3.o)
 .text.libgcc.fixed
                0x000008e2        0x0 /opt/homebrew/Cellar/avr-gcc@14/14.1.0/lib/avr-gcc/14/gcc/avr/14.1.0/avr5/libgcc.a(_usmulhisi3.o)
 .text.libgcc.mul
                0x000008e2        0x0 /opt/homebrew/Cellar/avr-gcc@14/14.1.0/lib/avr-gcc/14/gcc/avr/14.1.0/avr5/libgcc.a(_tablejump2.o)
 .text.libgcc.div
                0x000008e2        0x0 /opt/homebrew/Cellar/avr-gcc@14/14.1.0/lib/avr-gcc/14/gcc/avr/14.1.0/avr5/libgcc.a(_tablejump2.o)
 .text.libgcc   0x000008e2        0xc /opt/homebrew/Cellar/avr-gcc@14/14.1.0/lib/avr-gcc/14/gcc/avr/14.1.0/avr5/libgcc.a(_tablejump2.o)
                0x000008e2                __tablejump2__
 .text.libgcc.prologue
                0x000008ee        0x0 /opt/homebrew/Cellar/avr-gcc@14/14.1.0/lib/avr-gcc/14/gcc/avr/14.1.0/avr5/libgcc.a(_tablejump2.o)
 .text.libgcc.builtins
                0x000008ee        0x0 /opt/homebrew/Cellar/avr-gcc@14/14.1.0/lib/avr-gcc/14/gcc/avr/14.1.0/avr5/libgcc.a(_tablejump2.o)
 .text.libgcc.fmul
                0x000008ee        0x0 /opt/homebrew/Cellar/avr-gcc@14/14.1.0/lib/avr-gcc/14/gcc/avr/14.1.0/avr5/libgcc.a(_tablejump2.o)
 .text.libgcc.fixed
                0x000008ee        0x0 /opt/homebrew/Cellar/avr-gcc@14/14.1.0/lib/avr-gcc/14/gcc/avr/14.1.0/avr5/libgcc.a(_tablejump2.o)
 .text.libgcc.mul
                0x000008ee       0x1e /opt/homebrew/Cellar/avr-gcc@14/14.1.0/lib/avr-gcc/14/gcc/avr/14.1.0/avr5/libgcc.a(_umulhisi3.o)
                0x000008ee                __umulhisi3
 .text.libgcc.div
                0x0000090c        0x0 /opt/homebrew/Cellar/avr-gcc@14/14.1.0/lib/avr-gcc/14/gcc/avr/14.1.0/avr5/libgcc.a(_umulhisi3.o)
 .text.libgcc   0x0000090c        0x0 /opt/homebrew/Cellar/avr-gcc@14/14.1.0/lib/avr-gcc/14/gcc/avr/14.1.0/avr5/libgcc.a(_umulhisi3.o)
 .text.libgcc.prologue
                0x0000090c        0x0 /opt/homebrew/Cellar/avr-gcc@14/14.1.0/lib/avr-gcc/14/gcc/avr/14.1.0/avr5/libgcc.a(_umulhisi3.o)
 .text.libgcc.builtins
                0x0000090c        0x0 /opt/homebrew/Cellar/avr-gcc@14/14.1.0/lib/avr-gcc/14/gcc/avr/14.1.0/avr5/libgcc.a(_umulhisi3.o)
 .text.libgcc.fmul
                0x0000090c        0x0 /opt/homebrew/Cellar/avr-gcc@14/14.1.0/lib/avr-gcc/14/gcc/avr/14.1.0/avr5/libgcc.a(_umulhisi3.o)
 .text.libgcc.fixed
                0x0000090c        0x0 /opt/homebrew/Cellar/avr-gcc@14/14.1.0/lib/avr-gcc/14/gcc/avr/14.1.0/avr5/libgcc.a(_umulhisi3.o)
                0x0000090c                        . = ALIGN (0x2)
 *(.fini9)
 .fini9         0x0000090c        0x0 /opt/homebrew/Cellar/avr-gcc@14/14.1.0/lib/avr-gcc/14/gcc/avr/14.1.0/avr5/libgcc.a(_exit.o)
                0x0000090c                exit
                0x0000090c                _exit
 *(.fini9)
 *(.fini8)
 *(.fini8)
 *(.fini7)
 *(.fini7)
 *(.fini6)
 *(.fini6)
 *(.fini5)
 *(.fini5)
 *(.fini4)
 *(.fini4)
 *(.fini3)
 *(.fini3)
 *(.fini2)
 *(.fini2)
 *(.fini1)
 *(.fini1)
 *(.fini0)
 .fini0         0x0000090c        0x4 /opt/homebrew/Cellar/avr-gcc@14/14.1.0/lib/avr-gcc/14/gcc/avr/14.1.0/avr5/libgcc.a(_exit.o)
 *(.fini0)
 *(.hightext)
 *(.hightext*)
 *(.progmemx.*)
                0x00000910                        . = ALIGN (0x2)
 *(.jumptables)
 *(.jumptables*)
                0x00000910                        _etext = .

.data           0x00800100        0x0 load address 0x00000910
                [!provide]                        PROVIDE (__data_start = .)
 *(.data)
 .data          0x00800100        0x0 /opt/homebrew/Cellar/avr-gcc@14/14.1.0/lib/avr-gcc/14/gcc/avr/14.1.0/../../../../../../avr/lib/avr5/crtatmega324pa.o
 .data          0x00800100        0x0 main.o
 .data          0x00800100        0x0 ../lib/liblibrairie1900.a(bouton.o)
 .data          0x00800100        0x0 ../lib/liblibrairie1900.a(del.o)
 .data          0x00800100        0x0 ../lib/liblibrairie1900.a(minuterie.o)
 .data          0x00800100        0x0 ../lib/liblibrairie1900.a(roue.o)
 .data          0x00800100        0x0 /opt/homebrew/Cellar/avr-gcc@14/14.1.0/lib/avr-gcc/14/gcc/avr/14.1.0/avr5/libgcc.a(_udivmodqi4.o)
 .data          0x00800100        0x0 /opt/homebrew/Cellar/avr-gcc@14/14.1.0/lib/avr-gcc/14/gcc/avr/14.1.0/avr5/libgcc.a(_udivmodhi4.o)
 .data          0x00800100        0x0 /opt/homebrew/Cellar/avr-gcc@14/14.1.0/lib/avr-gcc/14/gcc/avr/14.1.0/avr5/libgcc.a(_divmodhi4.o)
 .data          0x00800100        0x0 /opt/homebrew/Cellar/avr-gcc@14/14.1.0/lib/avr-gcc/14/gcc/avr/14.1.0/avr5/libgcc.a(_udivmodsi4.o)
 .data          0x00800100        0x0 /opt/homebrew/Cellar/avr-gcc@14/14.1.0/lib/avr-gcc/14/gcc/avr/14.1.0/avr5/libgcc.a(_exit.o)
 .data          0x00800100        0x0 /opt/homebrew/Cellar/avr-gcc@14/14.1.0/lib/avr-gcc/14/gcc/avr/14.1.0/avr5/libgcc.a(_clear_bss.o)
 .data          0x00800100        0x0 /opt/homebrew/Cellar/avr-gcc@14/14.1.0/lib/avr-gcc/14/gcc/avr/14.1.0/avr5/libgcc.a(_ctors.o)
 .data          0x00800100        0x0 /opt/homebrew/Cellar/avr-gcc@14/14.1.0/lib/avr-gcc/14/gcc/avr/14.1.0/avr5/libgcc.a(_usmulhisi3.o)
 .data          0x00800100        0x0 /opt/homebrew/Cellar/avr-gcc@14/14.1.0/lib/avr-gcc/14/gcc/avr/14.1.0/avr5/libgcc.a(_tablejump2.o)
 .data          0x00800100        0x0 /opt/homebrew/Cellar/avr-gcc@14/14.1.0/lib/avr-gcc/14/gcc/avr/14.1.0/avr5/libgcc.a(_umulhisi3.o)
 *(.data*)
 *(.gnu.linkonce.d*)
 *(.rodata)
 *(.rodata*)
 *(.gnu.linkonce.r*)
                0x00800100                        . = ALIGN (0x2)
                0x00800100                        _edata = .
                [!provide]                        PROVIDE (__data_end = .)

.bss            0x00800100        0x9
                0x00800100                        PROVIDE (__bss_start = .)
 *(.bss)
 .bss           0x00800100        0x0 /opt/homebrew/Cellar/avr-gcc@14/14.1.0/lib/avr-gcc/14/gcc/avr/14.1.0/../../../../../../avr/lib/avr5/crtatmega324pa.o
 .bss           0x00800100        0x9 main.o
                0x00800100                gBoutonRelacheDetecte
                0x00800101                gCompteurLimiteAtteinte
                0x00800102                roue
                0x00800104                minuterie
                0x00800105                boutonPlaqueEssai
                0x00800106                boutonCarteMere
                0x00800107                del
 .bss           0x00800109        0x0 ../lib/liblibrairie1900.a(bouton.o)
 .bss           0x00800109        0x0 ../lib/liblibrairie1900.a(del.o)
 .bss           0x00800109        0x0 ../lib/liblibrairie1900.a(minuterie.o)
 .bss           0x00800109        0x0 ../lib/liblibrairie1900.a(roue.o)
 .bss           0x00800109        0x0 /opt/homebrew/Cellar/avr-gcc@14/14.1.0/lib/avr-gcc/14/gcc/avr/14.1.0/avr5/libgcc.a(_udivmodqi4.o)
 .bss           0x00800109        0x0 /opt/homebrew/Cellar/avr-gcc@14/14.1.0/lib/avr-gcc/14/gcc/avr/14.1.0/avr5/libgcc.a(_udivmodhi4.o)
 .bss           0x00800109        0x0 /opt/homebrew/Cellar/avr-gcc@14/14.1.0/lib/avr-gcc/14/gcc/avr/14.1.0/avr5/libgcc.a(_divmodhi4.o)
 .bss           0x00800109        0x0 /opt/homebrew/Cellar/avr-gcc@14/14.1.0/lib/avr-gcc/14/gcc/avr/14.1.0/avr5/libgcc.a(_udivmodsi4.o)
 .bss           0x00800109        0x0 /opt/homebrew/Cellar/avr-gcc@14/14.1.0/lib/avr-gcc/14/gcc/avr/14.1.0/avr5/libgcc.a(_exit.o)
 .bss           0x00800109        0x0 /opt/homebrew/Cellar/avr-gcc@14/14.1.0/lib/avr-gcc/14/gcc/avr/14.1.0/avr5/libgcc.a(_clear_bss.o)
 .bss           0x00800109        0x0 /opt/homebrew/Cellar/avr-gcc@14/14.1.0/lib/avr-gcc/14/gcc/avr/14.1.0/avr5/libgcc.a(_ctors.o)
 .bss           0x00800109        0x0 /opt/homebrew/Cellar/avr-gcc@14/14.1.0/lib/avr-gcc/14/gcc/avr/14.1.0/avr5/libgcc.a(_usmulhisi3.o)
 .bss           0x00800109        0x0 /opt/homebrew/Cellar/avr-gcc@14/14.1.0/lib/avr-gcc/14/gcc/avr/14.1.0/avr5/libgcc.a(_tablejump2.o)
 .bss           0x00800109        0x0 /opt/homebrew/Cellar/avr-gcc@14/14.1.0/lib/avr-gcc/14/gcc/avr/14.1.0/avr5/libgcc.a(_umulhisi3.o)
 *(.bss*)
 *(COMMON)
                0x00800109                        PROVIDE (__bss_end = .)
                0x00000910                        __data_load_start = LOADADDR (.data)
                0x00000910                        __data_load_end = (__data_load_start + SIZEOF (.data))

.noinit         0x00800109        0x0
                [!provide]                        PROVIDE (__noinit_start = .)
 *(.noinit .noinit.* .gnu.linkonce.n.*)
                [!provide]                        PROVIDE (__noinit_end = .)
                0x00800109                        _end = .
                [!provide]                        PROVIDE (__heap_start = .)
                [!provide]                        PROVIDE (__flmap_init_label = DEFINED (__flmap_noinit_start)?__flmap_noinit_start:0x0)
                [!provide]                        PROVIDE (__flmap = DEFINED (__flmap)?__flmap:0x0)

.eeprom         0x00810000        0x0
 *(.eeprom*)
                0x00810000                        __eeprom_end = .

.fuse
 *(.fuse)
 *(.lfuse)
 *(.hfuse)
 *(.efuse)

.lock
 *(.lock*)

.signature
 *(.signature*)

.stab
 *(.stab)

.stabstr
 *(.stabstr)

.stab.excl
 *(.stab.excl)

.stab.exclstr
 *(.stab.exclstr)

.stab.index
 *(.stab.index)

.stab.indexstr
 *(.stab.indexstr)

.comment        0x00000000       0x26
 *(.comment)
 .comment       0x00000000       0x26 main.o
                                 0x27 (size before relaxing)
 .comment       0x00000026       0x27 ../lib/liblibrairie1900.a(bouton.o)
 .comment       0x00000026       0x27 ../lib/liblibrairie1900.a(del.o)
 .comment       0x00000026       0x27 ../lib/liblibrairie1900.a(minuterie.o)
 .comment       0x00000026       0x27 ../lib/liblibrairie1900.a(roue.o)

.note.gnu.avr.deviceinfo
                0x00000000       0x40
 .note.gnu.avr.deviceinfo
                0x00000000       0x40 /opt/homebrew/Cellar/avr-gcc@14/14.1.0/lib/avr-gcc/14/gcc/avr/14.1.0/../../../../../../avr/lib/avr5/crtatmega324pa.o

.gnu.build.attributes
 *(.gnu.build.attributes .gnu.build.attributes.*)

.note.gnu.build-id
 *(.note.gnu.build-id)

.debug
 *(.debug)

.line
 *(.line)

.debug_srcinfo
 *(.debug_srcinfo)

.debug_sfnames
 *(.debug_sfnames)

.debug_aranges  0x00000000      0x1f0
 *(.debug_aranges)
 .debug_aranges
                0x00000000       0x30 main.o
 .debug_aranges
                0x00000030       0x20 ../lib/liblibrairie1900.a(bouton.o)
 .debug_aranges
                0x00000050       0x20 ../lib/liblibrairie1900.a(del.o)
 .debug_aranges
                0x00000070       0x20 ../lib/liblibrairie1900.a(minuterie.o)
 .debug_aranges
                0x00000090       0x20 ../lib/liblibrairie1900.a(roue.o)
 .debug_aranges
                0x000000b0       0x20 /opt/homebrew/Cellar/avr-gcc@14/14.1.0/lib/avr-gcc/14/gcc/avr/14.1.0/avr5/libgcc.a(_udivmodqi4.o)
 .debug_aranges
                0x000000d0       0x20 /opt/homebrew/Cellar/avr-gcc@14/14.1.0/lib/avr-gcc/14/gcc/avr/14.1.0/avr5/libgcc.a(_udivmodhi4.o)
 .debug_aranges
                0x000000f0       0x20 /opt/homebrew/Cellar/avr-gcc@14/14.1.0/lib/avr-gcc/14/gcc/avr/14.1.0/avr5/libgcc.a(_divmodhi4.o)
 .debug_aranges
                0x00000110       0x20 /opt/homebrew/Cellar/avr-gcc@14/14.1.0/lib/avr-gcc/14/gcc/avr/14.1.0/avr5/libgcc.a(_udivmodsi4.o)
 .debug_aranges
                0x00000130       0x20 /opt/homebrew/Cellar/avr-gcc@14/14.1.0/lib/avr-gcc/14/gcc/avr/14.1.0/avr5/libgcc.a(_exit.o)
 .debug_aranges
                0x00000150       0x20 /opt/homebrew/Cellar/avr-gcc@14/14.1.0/lib/avr-gcc/14/gcc/avr/14.1.0/avr5/libgcc.a(_clear_bss.o)
 .debug_aranges
                0x00000170       0x20 /opt/homebrew/Cellar/avr-gcc@14/14.1.0/lib/avr-gcc/14/gcc/avr/14.1.0/avr5/libgcc.a(_ctors.o)
 .debug_aranges
                0x00000190       0x20 /opt/homebrew/Cellar/avr-gcc@14/14.1.0/lib/avr-gcc/14/gcc/avr/14.1.0/avr5/libgcc.a(_usmulhisi3.o)
 .debug_aranges
                0x000001b0       0x20 /opt/homebrew/Cellar/avr-gcc@14/14.1.0/lib/avr-gcc/14/gcc/avr/14.1.0/avr5/libgcc.a(_tablejump2.o)
 .debug_aranges
                0x000001d0       0x20 /opt/homebrew/Cellar/avr-gcc@14/14.1.0/lib/avr-gcc/14/gcc/avr/14.1.0/avr5/libgcc.a(_umulhisi3.o)

.debug_pubnames
 *(.debug_pubnames)

.debug_info     0x00000000     0x2acf
 *(.debug_info .gnu.linkonce.wi.*)
 .debug_info    0x00000000      0x6cc /opt/homebrew/Cellar/avr-gcc@14/14.1.0/lib/avr-gcc/14/gcc/avr/14.1.0/../../../../../../avr/lib/avr5/crtatmega324pa.o
 .debug_info    0x000006cc      0xc6c main.o
 .debug_info    0x00001338      0x308 ../lib/liblibrairie1900.a(bouton.o)
 .debug_info    0x00001640      0x634 ../lib/liblibrairie1900.a(del.o)
 .debug_info    0x00001c74      0x25b ../lib/liblibrairie1900.a(minuterie.o)
 .debug_info    0x00001ecf      0xa98 ../lib/liblibrairie1900.a(roue.o)
 .debug_info    0x00002967       0x24 /opt/homebrew/Cellar/avr-gcc@14/14.1.0/lib/avr-gcc/14/gcc/avr/14.1.0/avr5/libgcc.a(_udivmodqi4.o)
 .debug_info    0x0000298b       0x24 /opt/homebrew/Cellar/avr-gcc@14/14.1.0/lib/avr-gcc/14/gcc/avr/14.1.0/avr5/libgcc.a(_udivmodhi4.o)
 .debug_info    0x000029af       0x24 /opt/homebrew/Cellar/avr-gcc@14/14.1.0/lib/avr-gcc/14/gcc/avr/14.1.0/avr5/libgcc.a(_divmodhi4.o)
 .debug_info    0x000029d3       0x24 /opt/homebrew/Cellar/avr-gcc@14/14.1.0/lib/avr-gcc/14/gcc/avr/14.1.0/avr5/libgcc.a(_udivmodsi4.o)
 .debug_info    0x000029f7       0x24 /opt/homebrew/Cellar/avr-gcc@14/14.1.0/lib/avr-gcc/14/gcc/avr/14.1.0/avr5/libgcc.a(_exit.o)
 .debug_info    0x00002a1b       0x24 /opt/homebrew/Cellar/avr-gcc@14/14.1.0/lib/avr-gcc/14/gcc/avr/14.1.0/avr5/libgcc.a(_clear_bss.o)
 .debug_info    0x00002a3f       0x24 /opt/homebrew/Cellar/avr-gcc@14/14.1.0/lib/avr-gcc/14/gcc/avr/14.1.0/avr5/libgcc.a(_ctors.o)
 .debug_info    0x00002a63       0x24 /opt/homebrew/Cellar/avr-gcc@14/14.1.0/lib/avr-gcc/14/gcc/avr/14.1.0/avr5/libgcc.a(_usmulhisi3.o)
 .debug_info    0x00002a87       0x24 /opt/homebrew/Cellar/avr-gcc@14/14.1.0/lib/avr-gcc/14/gcc/avr/14.1.0/avr5/libgcc.a(_tablejump2.o)
 .debug_info    0x00002aab       0x24 /opt/homebrew/Cellar/avr-gcc@14/14.1.0/lib/avr-gcc/14/gcc/avr/14.1.0/avr5/libgcc.a(_umulhisi3.o)

.debug_abbrev   0x00000000     0x1355
 *(.debug_abbrev)
 .debug_abbrev  0x00000000      0x66e /opt/homebrew/Cellar/avr-gcc@14/14.1.0/lib/avr-gcc/14/gcc/avr/14.1.0/../../../../../../avr/lib/avr5/crtatmega324pa.o
 .debug_abbrev  0x0000066e      0x36a main.o
 .debug_abbrev  0x000009d8      0x1dd ../lib/liblibrairie1900.a(bouton.o)
 .debug_abbrev  0x00000bb5      0x294 ../lib/liblibrairie1900.a(del.o)
 .debug_abbrev  0x00000e49      0x19e ../lib/liblibrairie1900.a(minuterie.o)
 .debug_abbrev  0x00000fe7      0x2a6 ../lib/liblibrairie1900.a(roue.o)
 .debug_abbrev  0x0000128d       0x14 /opt/homebrew/Cellar/avr-gcc@14/14.1.0/lib/avr-gcc/14/gcc/avr/14.1.0/avr5/libgcc.a(_udivmodqi4.o)
 .debug_abbrev  0x000012a1       0x14 /opt/homebrew/Cellar/avr-gcc@14/14.1.0/lib/avr-gcc/14/gcc/avr/14.1.0/avr5/libgcc.a(_udivmodhi4.o)
 .debug_abbrev  0x000012b5       0x14 /opt/homebrew/Cellar/avr-gcc@14/14.1.0/lib/avr-gcc/14/gcc/avr/14.1.0/avr5/libgcc.a(_divmodhi4.o)
 .debug_abbrev  0x000012c9       0x14 /opt/homebrew/Cellar/avr-gcc@14/14.1.0/lib/avr-gcc/14/gcc/avr/14.1.0/avr5/libgcc.a(_udivmodsi4.o)
 .debug_abbrev  0x000012dd       0x14 /opt/homebrew/Cellar/avr-gcc@14/14.1.0/lib/avr-gcc/14/gcc/avr/14.1.0/avr5/libgcc.a(_exit.o)
 .debug_abbrev  0x000012f1       0x14 /opt/homebrew/Cellar/avr-gcc@14/14.1.0/lib/avr-gcc/14/gcc/avr/14.1.0/avr5/libgcc.a(_clear_bss.o)
 .debug_abbrev  0x00001305       0x14 /opt/homebrew/Cellar/avr-gcc@14/14.1.0/lib/avr-gcc/14/gcc/avr/14.1.0/avr5/libgcc.a(_ctors.o)
 .debug_abbrev  0x00001319       0x14 /opt/homebrew/Cellar/avr-gcc@14/14.1.0/lib/avr-gcc/14/gcc/avr/14.1.0/avr5/libgcc.a(_usmulhisi3.o)
 .debug_abbrev  0x0000132d       0x14 /opt/homebrew/Cellar/avr-gcc@14/14.1.0/lib/avr-gcc/14/gcc/avr/14.1.0/avr5/libgcc.a(_tablejump2.o)
 .debug_abbrev  0x00001341       0x14 /opt/homebrew/Cellar/avr-gcc@14/14.1.0/lib/avr-gcc/14/gcc/avr/14.1.0/avr5/libgcc.a(_umulhisi3.o)

.debug_line     0x00000000     0x1acc
 *(.debug_line .debug_line.* .debug_line_end)
 .debug_line    0x00000000       0x1d /opt/homebrew/Cellar/avr-gcc@14/14.1.0/lib/avr-gcc/14/gcc/avr/14.1.0/../../../../../../avr/lib/avr5/crtatmega324pa.o
 .debug_line    0x0000001d      0x423 main.o
 .debug_line    0x00000440      0x2fd ../lib/liblibrairie1900.a(bouton.o)
 .debug_line    0x0000073d      0x4e5 ../lib/liblibrairie1900.a(del.o)
 .debug_line    0x00000c22      0x255 ../lib/liblibrairie1900.a(minuterie.o)
 .debug_line    0x00000e77      0x68b ../lib/liblibrairie1900.a(roue.o)
 .debug_line    0x00001502       0x8d /opt/homebrew/Cellar/avr-gcc@14/14.1.0/lib/avr-gcc/14/gcc/avr/14.1.0/avr5/libgcc.a(_udivmodqi4.o)
 .debug_line    0x0000158f       0xbd /opt/homebrew/Cellar/avr-gcc@14/14.1.0/lib/avr-gcc/14/gcc/avr/14.1.0/avr5/libgcc.a(_udivmodhi4.o)
 .debug_line    0x0000164c       0xb7 /opt/homebrew/Cellar/avr-gcc@14/14.1.0/lib/avr-gcc/14/gcc/avr/14.1.0/avr5/libgcc.a(_divmodhi4.o)
 .debug_line    0x00001703      0x111 /opt/homebrew/Cellar/avr-gcc@14/14.1.0/lib/avr-gcc/14/gcc/avr/14.1.0/avr5/libgcc.a(_udivmodsi4.o)
 .debug_line    0x00001814       0x51 /opt/homebrew/Cellar/avr-gcc@14/14.1.0/lib/avr-gcc/14/gcc/avr/14.1.0/avr5/libgcc.a(_exit.o)
 .debug_line    0x00001865       0x75 /opt/homebrew/Cellar/avr-gcc@14/14.1.0/lib/avr-gcc/14/gcc/avr/14.1.0/avr5/libgcc.a(_clear_bss.o)
 .debug_line    0x000018da       0x81 /opt/homebrew/Cellar/avr-gcc@14/14.1.0/lib/avr-gcc/14/gcc/avr/14.1.0/avr5/libgcc.a(_ctors.o)
 .debug_line    0x0000195b       0x69 /opt/homebrew/Cellar/avr-gcc@14/14.1.0/lib/avr-gcc/14/gcc/avr/14.1.0/avr5/libgcc.a(_usmulhisi3.o)
 .debug_line    0x000019c4       0x69 /opt/homebrew/Cellar/avr-gcc@14/14.1.0/lib/avr-gcc/14/gcc/avr/14.1.0/avr5/libgcc.a(_tablejump2.o)
 .debug_line    0x00001a2d       0x9f /opt/homebrew/Cellar/avr-gcc@14/14.1.0/lib/avr-gcc/14/gcc/avr/14.1.0/avr5/libgcc.a(_umulhisi3.o)

.debug_frame    0x00000000      0x404
 *(.debug_frame)
 .debug_frame   0x00000000       0xf4 main.o
 .debug_frame   0x000000f4       0x54 ../lib/liblibrairie1900.a(bouton.o)
 .debug_frame   0x00000148       0xe4 ../lib/liblibrairie1900.a(del.o)
 .debug_frame   0x0000022c       0x60 ../lib/liblibrairie1900.a(minuterie.o)
 .debug_frame   0x0000028c      0x178 ../lib/liblibrairie1900.a(roue.o)

.debug_str      0x00000000      0xf5c
 *(.debug_str)
 .debug_str     0x00000000      0x255 /opt/homebrew/Cellar/avr-gcc@14/14.1.0/lib/avr-gcc/14/gcc/avr/14.1.0/../../../../../../avr/lib/avr5/crtatmega324pa.o
 .debug_str     0x00000255      0xd07 main.o
                                0xa1d (size before relaxing)
 .debug_str     0x00000f5c      0x2a2 ../lib/liblibrairie1900.a(bouton.o)
 .debug_str     0x00000f5c      0x376 ../lib/liblibrairie1900.a(del.o)
 .debug_str     0x00000f5c      0x2bb ../lib/liblibrairie1900.a(minuterie.o)
 .debug_str     0x00000f5c      0x5c6 ../lib/liblibrairie1900.a(roue.o)
 .debug_str     0x00000f5c       0x84 /opt/homebrew/Cellar/avr-gcc@14/14.1.0/lib/avr-gcc/14/gcc/avr/14.1.0/avr5/libgcc.a(_udivmodqi4.o)
 .debug_str     0x00000f5c       0x84 /opt/homebrew/Cellar/avr-gcc@14/14.1.0/lib/avr-gcc/14/gcc/avr/14.1.0/avr5/libgcc.a(_udivmodhi4.o)
 .debug_str     0x00000f5c       0x84 /opt/homebrew/Cellar/avr-gcc@14/14.1.0/lib/avr-gcc/14/gcc/avr/14.1.0/avr5/libgcc.a(_divmodhi4.o)
 .debug_str     0x00000f5c       0x84 /opt/homebrew/Cellar/avr-gcc@14/14.1.0/lib/avr-gcc/14/gcc/avr/14.1.0/avr5/libgcc.a(_udivmodsi4.o)
 .debug_str     0x00000f5c       0x84 /opt/homebrew/Cellar/avr-gcc@14/14.1.0/lib/avr-gcc/14/gcc/avr/14.1.0/avr5/libgcc.a(_exit.o)
 .debug_str     0x00000f5c       0x84 /opt/homebrew/Cellar/avr-gcc@14/14.1.0/lib/avr-gcc/14/gcc/avr/14.1.0/avr5/libgcc.a(_clear_bss.o)
 .debug_str     0x00000f5c       0x84 /opt/homebrew/Cellar/avr-gcc@14/14.1.0/lib/avr-gcc/14/gcc/avr/14.1.0/avr5/libgcc.a(_ctors.o)
 .debug_str     0x00000f5c       0x84 /opt/homebrew/Cellar/avr-gcc@14/14.1.0/lib/avr-gcc/14/gcc/avr/14.1.0/avr5/libgcc.a(_usmulhisi3.o)
 .debug_str     0x00000f5c       0x84 /opt/homebrew/Cellar/avr-gcc@14/14.1.0/lib/avr-gcc/14/gcc/avr/14.1.0/avr5/libgcc.a(_tablejump2.o)
 .debug_str     0x00000f5c       0x84 /opt/homebrew/Cellar/avr-gcc@14/14.1.0/lib/avr-gcc/14/gcc/avr/14.1.0/avr5/libgcc.a(_umulhisi3.o)

.debug_loc
 *(.debug_loc)

.debug_macinfo
 *(.debug_macinfo)

.debug_weaknames
 *(.debug_weaknames)

.debug_funcnames
 *(.debug_funcnames)

.debug_typenames
 *(.debug_typenames)

.debug_varnames
 *(.debug_varnames)

.debug_pubtypes
 *(.debug_pubtypes)

.debug_ranges
 *(.debug_ranges)

.debug_addr
 *(.debug_addr)

.debug_line_str
                0x00000000      0x1d8
 *(.debug_line_str)
 .debug_line_str
                0x00000000      0x1d8 main.o
                                0x149 (size before relaxing)
 .debug_line_str
                0x000001d8      0x12d ../lib/liblibrairie1900.a(bouton.o)
 .debug_line_str
                0x000001d8      0x121 ../lib/liblibrairie1900.a(del.o)
 .debug_line_str
                0x000001d8       0xf2 ../lib/liblibrairie1900.a(minuterie.o)
 .debug_line_str
                0x000001d8      0x125 ../lib/liblibrairie1900.a(roue.o)
 .debug_line_str
                0x000001d8       0x78 /opt/homebrew/Cellar/avr-gcc@14/14.1.0/lib/avr-gcc/14/gcc/avr/14.1.0/avr5/libgcc.a(_udivmodqi4.o)
 .debug_line_str
                0x000001d8       0x78 /opt/homebrew/Cellar/avr-gcc@14/14.1.0/lib/avr-gcc/14/gcc/avr/14.1.0/avr5/libgcc.a(_udivmodhi4.o)
 .debug_line_str
                0x000001d8       0x78 /opt/homebrew/Cellar/avr-gcc@14/14.1.0/lib/avr-gcc/14/gcc/avr/14.1.0/avr5/libgcc.a(_divmodhi4.o)
 .debug_line_str
                0x000001d8       0x78 /opt/homebrew/Cellar/avr-gcc@14/14.1.0/lib/avr-gcc/14/gcc/avr/14.1.0/avr5/libgcc.a(_udivmodsi4.o)
 .debug_line_str
                0x000001d8       0x78 /opt/homebrew/Cellar/avr-gcc@14/14.1.0/lib/avr-gcc/14/gcc/avr/14.1.0/avr5/libgcc.a(_exit.o)
 .debug_line_str
                0x000001d8       0x78 /opt/homebrew/Cellar/avr-gcc@14/14.1.0/lib/avr-gcc/14/gcc/avr/14.1.0/avr5/libgcc.a(_clear_bss.o)
 .debug_line_str
                0x000001d8       0x78 /opt/homebrew/Cellar/avr-gcc@14/14.1.0/lib/avr-gcc/14/gcc/avr/14.1.0/avr5/libgcc.a(_ctors.o)
 .debug_line_str
                0x000001d8       0x78 /opt/homebrew/Cellar/avr-gcc@14/14.1.0/lib/avr-gcc/14/gcc/avr/14.1.0/avr5/libgcc.a(_usmulhisi3.o)
 .debug_line_str
                0x000001d8       0x78 /opt/homebrew/Cellar/avr-gcc@14/14.1.0/lib/avr-gcc/14/gcc/avr/14.1.0/avr5/libgcc.a(_tablejump2.o)
 .debug_line_str
                0x000001d8       0x78 /opt/homebrew/Cellar/avr-gcc@14/14.1.0/lib/avr-gcc/14/gcc/avr/14.1.0/avr5/libgcc.a(_umulhisi3.o)

.debug_loclists
                0x00000000      0xb69
 *(.debug_loclists)
 .debug_loclists
                0x00000000       0xfc main.o
 .debug_loclists
                0x000000fc       0xcd ../lib/liblibrairie1900.a(bouton.o)
 .debug_loclists
                0x000001c9      0x3ab ../lib/liblibrairie1900.a(del.o)
 .debug_loclists
                0x00000574       0x96 ../lib/liblibrairie1900.a(minuterie.o)
 .debug_loclists
                0x0000060a      0x55f ../lib/liblibrairie1900.a(roue.o)

.debug_macro
 *(.debug_macro)

.debug_names
 *(.debug_names)

.debug_rnglists
                0x00000000       0x38
 *(.debug_rnglists)
 .debug_rnglists
                0x00000000       0x21 main.o
 .debug_rnglists
                0x00000021       0x17 ../lib/liblibrairie1900.a(del.o)

.debug_str_offsets
 *(.debug_str_offsets)

.debug_sup
 *(.debug_sup)
OUTPUT(exec.elf elf32-avr)
LOAD linker stubs
